F:/Stm32/freertos_node/Core/Src/main.c:87:5:main	1
F:/Stm32/freertos_node/Core/Src/main.c:182:6:SystemClock_Config	3
F:/Stm32/freertos_node/Core/Src/main.c:229:13:MX_USART3_UART_Init	2
F:/Stm32/freertos_node/Core/Src/main.c:262:13:MX_USB_OTG_FS_PCD_Init	2
F:/Stm32/freertos_node/Core/Src/main.c:298:13:MX_GPIO_Init	1
F:/Stm32/freertos_node/Core/Src/main.c:361:5:_write	1
F:/Stm32/freertos_node/Core/Src/main.c:375:6:StartDefaultTask	1
F:/Stm32/freertos_node/Core/Src/main.c:390:6:StartLedTask	1
F:/Stm32/freertos_node/Core/Src/main.c:408:6:StartLogTask	2
F:/Stm32/freertos_node/Core/Src/main.c:427:6:Error_Handler	1
